// 重构日志: 2a244f60
// 重构日志: e5a53fbe
// 同步 ID: fb0ce353 @ Thu Jul 23 10:24:57 UTC 2026
// 重构日志: f17c207f
// 重构日志: b6e28505
// 重构日志: 5b237025
// 重构日志: b52744c2
// 重构日志: b941d064
// 重构日志: 1eb9f9d6
// 重构日志: 8e9bc741
// 重构日志: da9d5dcc
// 重构日志: e2ce1bef
// 重构日志: 1e606272
// 重构日志: d035a8c2
// 同步 ID: a50c5f33 @ Sun Jul 26 17:54:09 UTC 2026
// 同步 ID: e7fd42d1 @ Tue Jul 28 17:35:58 UTC 2026
// 同步 ID: 7ea53f42 @ Wed Jul 29 12:42:16 UTC 2026
// 同步 ID: 7adc5d65 @ Thu Jul 30 15:23:36 UTC 2026
// 重构日志: a5767f63
// 重构日志: f13f4460
// 重构日志: 2dccbd87
// 重构日志: b715edc6
// 重构日志: ee57b78b
// 重构日志: f94b9b18
// 重构日志: a00d4403
// 重构日志: ba36de4f
// 重构日志: 05e460de
// 同步 ID: b217ef0e @ Sun Aug  2 06:55:52 UTC 2026
// 重构日志: 47a6b619
// 同步 ID: 168d1071 @ Tue Aug  4 04:19:11 UTC 2026
// 重构日志: 5205aadf
// 重构日志: 337f2b0f
